// Jest Snapshot v1, https://goo.gl/fbAQLP

exports[`<Home/> should render 1`] = `
ShallowWrapper {
  Symbol(enzyme.__root__): [Circular],
  Symbol(enzyme.__unrendered__): <Home />,
  Symbol(enzyme.__renderer__): Object {
    "batchedUpdates": [Function],
    "getNode": [Function],
    "render": [Function],
    "simulateError": [Function],
    "simulateEvent": [Function],
    "unmount": [Function],
  },
  Symbol(enzyme.__node__): Object {
    "instance": null,
    "key": undefined,
    "nodeType": "host",
    "props": Object {
      "children": Array [
        <Styled(h1)>
          Search for restaurants near to you!
        </Styled(h1)>,
        <Map
          center={
            Object {
              "lat": 50,
              "lng": 33,
            }
          }
          handleClick={[Function]}
          zoom={14}
        />,
        <Styled(div)>
          <Button
            onClick={[Function]}
          >
            Search
          </Button>
        </Styled(div)>,
      ],
    },
    "ref": null,
    "rendered": Array [
      Object {
        "instance": null,
        "key": undefined,
        "nodeType": "function",
        "props": Object {
          "children": "Search for restaurants near to you!",
        },
        "ref": null,
        "rendered": "Search for restaurants near to you!",
        "type": [Function],
      },
      Object {
        "instance": null,
        "key": undefined,
        "nodeType": "class",
        "props": Object {
          "center": Object {
            "lat": 50,
            "lng": 33,
          },
          "handleClick": [Function],
          "zoom": 14,
        },
        "ref": null,
        "rendered": null,
        "type": [Function],
      },
      Object {
        "instance": null,
        "key": undefined,
        "nodeType": "function",
        "props": Object {
          "children": <Button
            onClick={[Function]}
          >
            Search
          </Button>,
        },
        "ref": null,
        "rendered": Object {
          "instance": null,
          "key": undefined,
          "nodeType": "function",
          "props": Object {
            "children": "Search",
            "onClick": [Function],
          },
          "ref": null,
          "rendered": "Search",
          "type": [Function],
        },
        "type": [Function],
      },
    ],
    "type": "div",
  },
  Symbol(enzyme.__nodes__): Array [
    Object {
      "instance": null,
      "key": undefined,
      "nodeType": "host",
      "props": Object {
        "children": Array [
          <Styled(h1)>
            Search for restaurants near to you!
          </Styled(h1)>,
          <Map
            center={
              Object {
                "lat": 50,
                "lng": 33,
              }
            }
            handleClick={[Function]}
            zoom={14}
          />,
          <Styled(div)>
            <Button
              onClick={[Function]}
            >
              Search
            </Button>
          </Styled(div)>,
        ],
      },
      "ref": null,
      "rendered": Array [
        Object {
          "instance": null,
          "key": undefined,
          "nodeType": "function",
          "props": Object {
            "children": "Search for restaurants near to you!",
          },
          "ref": null,
          "rendered": "Search for restaurants near to you!",
          "type": [Function],
        },
        Object {
          "instance": null,
          "key": undefined,
          "nodeType": "class",
          "props": Object {
            "center": Object {
              "lat": 50,
              "lng": 33,
            },
            "handleClick": [Function],
            "zoom": 14,
          },
          "ref": null,
          "rendered": null,
          "type": [Function],
        },
        Object {
          "instance": null,
          "key": undefined,
          "nodeType": "function",
          "props": Object {
            "children": <Button
              onClick={[Function]}
            >
              Search
            </Button>,
          },
          "ref": null,
          "rendered": Object {
            "instance": null,
            "key": undefined,
            "nodeType": "function",
            "props": Object {
              "children": "Search",
              "onClick": [Function],
            },
            "ref": null,
            "rendered": "Search",
            "type": [Function],
          },
          "type": [Function],
        },
      ],
      "type": "div",
    },
  ],
  Symbol(enzyme.__options__): Object {
    "adapter": ReactSixteenAdapter {
      "options": Object {
        "enableComponentDidUpdateOnSetState": true,
        "lifecycles": Object {
          "componentDidUpdate": Object {
            "onSetState": true,
          },
          "getDerivedStateFromProps": true,
          "getSnapshotBeforeUpdate": true,
          "setState": Object {
            "skipsComponentDidUpdateOnNullish": true,
          },
        },
      },
    },
  },
}
`;
